[www.gmciltd.com/cosmetic/index.html]
[backblue.gif]
[fade.gif]
[index.html]
[use.fontawesome.com/releases/v5.15.3/css/all4d6f.css]
[www.gmciltd.com/wp-content/themes/Divi/includes/builder/styles/images/preloader.gif]
[www.gmciltd.com/wp-includes/js/jquery/jquery.minf43b.js]
[www.gmciltd.com/wp-includes/js/jquery/jquery-migrate.min5589.js]
[www.gmciltd.com/wp-content/uploads/2020/08/cropped-favnew-32x32.png]
[www.gmciltd.com/wp-content/uploads/2020/08/cropped-favnew-192x192.png]
[www.gmciltd.com/wp-content/uploads/2020/08/cropped-favnew-180x180.png]
[www.gmciltd.com/wp-content/uploads/2020/06/COSMETIC-FINAL-BACKGROUND.jpg]
[www.gmciltd.com/wp-content/uploads/2020/06/GMCI_Logo_White_Logo_23062020.png]
[www.gmciltd.com/wp-content/uploads/2020/06/Cosmetic-Industry.jpg]
[connect.facebook.net/en_US/sdk.js]
[www.gmciltd.com/wp-includes/js/dist/hooks.min2757.js]
[www.gmciltd.com/wp-includes/js/dist/i18n.minc33c.js]
[www.gmciltd.com/wp-content/plugins/contact-form-7/includes/swv/js/index1014.js]
[www.gmciltd.com/wp-content/plugins/contact-form-7/includes/js/index1014.js]
[www.gmciltd.com/wp-content/plugins/dg-divi-carousel/scripts/swiper.min6cd3.js]
[www.gmciltd.com/wp-content/plugins/google-language-translator/js/scripts99ae.js]
[www.gmciltd.com/wp-includes/js/jquery/ui/core.minb37e.js]
[www.gmciltd.com/wp-content/plugins/ultimate-social-media-icons/js/shuffle/modernizr.custom.minb6a4.js]
[www.gmciltd.com/wp-content/plugins/ultimate-social-media-icons/js/shuffle/jquery.shuffle.minb6a4.js]
[www.gmciltd.com/wp-content/plugins/ultimate-social-media-icons/js/shuffle/random-shuffle-minb6a4.js]
[www.gmciltd.com/wp-content/plugins/ultimate-social-media-icons/js/customab7d.js]
[www.gmciltd.com/wp-content/themes/Divi/js/scripts.min390a.js]
[www.gmciltd.com/wp-content/themes/Divi/js/smoothscroll390a.js]
[www.gmciltd.com/wp-content/plugins/dg-divi-carousel/scripts/frontend-bundle.min6cd3.js]
[www.gmciltd.com/wp-content/themes/Divi/core/admin/js/common390a.js]
[www.gmciltd.com/wp-content/plugins/wp-smushit/app/assets/js/smush-lazy-load.min0330.js]
[www.gmciltd.com/wp-content/plugins/wp-socializer/public/js/wp-socializer.min4d6f.js]
[www.gmciltd.com/cosmetic/index.html]
[www.gmciltd.com/wp-content/plugins/contact-form-7/includes/css/styles1014.css]
[www.gmciltd.com/wp-content/plugins/dg-divi-carousel/styles/light-box-styles6cd3.css]
[www.gmciltd.com/wp-content/plugins/dg-divi-carousel/styles/swiper.min6cd3.css]
[www.gmciltd.com/wp-content/plugins/google-language-translator/images/flags22.png]
[www.gmciltd.com/wp-content/plugins/google-language-translator/images/flags20.png]
[www.gmciltd.com/wp-content/plugins/google-language-translator/images/flags18.png]
[www.gmciltd.com/wp-content/plugins/google-language-translator/images/flags16.png]
[www.gmciltd.com/wp-content/plugins/google-language-translator/images/flags.png]
[www.gmciltd.com/wp-content/plugins/google-language-translator/css/style99ae.css]
[www.gmciltd.com/wp-content/plugins/ultimate-social-media-icons/css/fonts/helvetica_bold_0-webfont.eot]
[www.gmciltd.com/wp-content/plugins/ultimate-social-media-icons/css/fonts/helvetica_bold_0-webfontd41d.eot]
[www.gmciltd.com/wp-content/plugins/ultimate-social-media-icons/css/fonts/helvetica_bold_0-webfont.woff]
[www.gmciltd.com/wp-content/plugins/ultimate-social-media-icons/css/fonts/helvetica_bold_0-webfont.ttf]
[www.gmciltd.com/wp-content/plugins/ultimate-social-media-icons/css/fonts/helvetica_0-webfont.eot]
[www.gmciltd.com/wp-content/plugins/ultimate-social-media-icons/css/fonts/helvetica_0-webfontd41d.eot]
[www.gmciltd.com/wp-content/plugins/ultimate-social-media-icons/css/fonts/helvetica_0-webfont.woff]
[www.gmciltd.com/wp-content/plugins/ultimate-social-media-icons/css/fonts/helvetica_0-webfont.ttf]
[www.gmciltd.com/wp-content/plugins/ultimate-social-media-icons/css/fonts/helveticaneue-light.eot]
[www.gmciltd.com/wp-content/plugins/ultimate-social-media-icons/css/fonts/helveticaneue-lightd41d.eot]
[www.gmciltd.com/wp-content/plugins/ultimate-social-media-icons/css/fonts/helveticaneue-light.woff]
[www.gmciltd.com/wp-content/plugins/ultimate-social-media-icons/css/fonts/helveticaneue-light.ttf]
[www.gmciltd.com/wp-content/plugins/ultimate-social-media-icons/images/count_bg.png]
[www.gmciltd.com/wp-content/plugins/ultimate-social-media-icons/images/check_bg.jpg]
[www.gmciltd.com/wp-content/plugins/ultimate-social-media-icons/images/radio_bg.png]
[www.gmciltd.com/wp-content/plugins/ultimate-social-media-icons/images/select_bg.jpg]
[www.gmciltd.com/wp-content/plugins/ultimate-social-media-icons/images/count_bg.jpg]
[www.gmciltd.com/wp-content/plugins/ultimate-social-media-icons/images/select_bg1.jpg]
[www.gmciltd.com/wp-content/plugins/ultimate-social-media-icons/images/tab_3_list_bg.jpg]
[www.gmciltd.com/wp-content/plugins/ultimate-social-media-icons/images/ajax-loader.gif]
[www.gmciltd.com/wp-content/plugins/ultimate-social-media-icons/images/bot_tip_icn.png]
[www.gmciltd.com/wp-content/plugins/ultimate-social-media-icons/css/images/count_top_arow.png]
[www.gmciltd.com/wp-content/plugins/ultimate-social-media-icons/css/images/count_left_arow.png]
[www.gmciltd.com/wp-content/plugins/ultimate-social-media-icons/css/sfsi-styleab7d.css]
[www.gmciltd.com/wp-content/plugins/wp-socializer/public/css/wpsr.min4d6f.css]
[use.fontawesome.com/releases/v5.15.3/css/all4d6f.css]
[www.gmciltd.com/wp-content/et-cache/224322/et-divi-dynamic-tb-240064-224322-late2de4.css]
[www.gmciltd.com/wp-content/et-cache/224322/et-divi-dynamic-tb-240064-2243222de4.css]
[www.gmciltd.com/wp-content/plugins/dg-divi-carousel/styles/style.min6cd3.css]
[www.gmciltd.com/wp-content/plugins/wpforms-lite/assets/css/integrations/divi/choices.min8257.css]
[www.gmciltd.com/wp-content/themes/Child Theme/style390a.css]
[www.gmciltd.com/wp-content/uploads/2020/06/GMCI_Logo_Black_23062020.png]
[www.gmciltd.com/wp-content/et-cache/224322/et-core-unified-224322.min2de4.css]
[www.gmciltd.com/wp-content/uploads/2020/06/pattern-two.jpg]
[www.gmciltd.com/wp-content/et-cache/224322/et-core-unified-tb-240064-deferred-224322.min2de4.css]
[connect.facebook.net/en_US/sdk.js]
[www.gmciltd.com/wp-content/plugins/ultimate-social-media-icons/css/fonts/helvetica_bold_0-webfont.svg]
[www.gmciltd.com/wp-content/plugins/ultimate-social-media-icons/css/fonts/helvetica_0-webfont.svg]
[www.gmciltd.com/wp-content/plugins/ultimate-social-media-icons/css/fonts/helveticaneue-light.svg]
[translate.google.com/translate_a/elementcd15.js]
